[0m15:39:01.320810 [debug] [MainThread]: Sending event: {'category': 'dbt', 'action': 'invocation', 'label': 'start', 'context': [<snowplow_tracker.self_describing_json.SelfDescribingJson object at 0x000001A87217FF80>, <snowplow_tracker.self_describing_json.SelfDescribingJson object at 0x000001A872A3AF00>, <snowplow_tracker.self_describing_json.SelfDescribingJson object at 0x000001A876A0FDD0>]}


============================== 15:39:01.328637 | add09d5d-5e40-43e7-9ab5-0ec40b7ae241 ==============================
[0m15:39:01.328637 [info ] [MainThread]: Running with dbt=1.12.0-b3
[0m15:39:01.329644 [debug] [MainThread]: running dbt with arguments {'version_check': 'True', 'no_print': 'None', 'static_parser': 'True', 'warn_error_options': 'WarnErrorOptionsV2(error=[], warn=[], silence=[])', 'maximum_seed_size_mib': '1', 'target_path': 'None', 'printer_width': '80', 'write_json': 'True', 'empty': 'None', 'log_cache_events': 'False', 'introspect': 'True', 'cache_selected_only': 'False', 'fail_fast': 'False', 'debug': 'False', 'log_format': 'default', 'partial_parse': 'True', 'send_anonymous_usage_stats': 'True', 'quiet': 'False', 'warn_error': 'None', 'profiles_dir': 'C:\\Users\\Admin\\.dbt', 'invocation_command': 'dbt init dbt_project', 'indirect_selection': 'eager', 'use_colors': 'True', 'use_experimental_parser': 'False', 'log_path': 'logs'}
[0m15:39:01.361326 [info ] [MainThread]: Creating dbt configuration folder at C:\Users\Admin\.dbt
[0m15:39:01.364398 [debug] [MainThread]: Starter project path: C:\Users\Admin\music-data-etl\music-data-etl\.venv\Lib\site-packages\dbt\include\starter_project
[0m15:39:01.398151 [info ] [MainThread]: Setting up your profile.
[0m15:40:16.967073 [error] [MainThread]: [[31mERROR[0m]: Encountered an error:

[0m15:40:17.028784 [error] [MainThread]: Traceback (most recent call last):
  File "C:\Users\Admin\music-data-etl\music-data-etl\.venv\Lib\site-packages\dbt\cli\requires.py", line 190, in wrapper
    result, success = func(*args, **kwargs)
                      ^^^^^^^^^^^^^^^^^^^^^
  File "C:\Users\Admin\music-data-etl\music-data-etl\.venv\Lib\site-packages\dbt\cli\requires.py", line 136, in wrapper
    return func(*args, **kwargs)
           ^^^^^^^^^^^^^^^^^^^^^
  File "C:\Users\Admin\music-data-etl\music-data-etl\.venv\Lib\site-packages\dbt\cli\main.py", line 503, in init
    results = task.run()
              ^^^^^^^^^^
  File "C:\Users\Admin\music-data-etl\music-data-etl\.venv\Lib\site-packages\dbt\task\init.py", line 360, in run
    self.setup_profile(profile_name)
  File "C:\Users\Admin\music-data-etl\music-data-etl\.venv\Lib\site-packages\dbt\task\init.py", line 264, in setup_profile
    self.create_profile_from_target(adapter, profile_name=profile_name)
  File "C:\Users\Admin\music-data-etl\music-data-etl\.venv\Lib\site-packages\dbt\task\init.py", line 181, in create_profile_from_target
    self.create_profile_from_profile_template(profile_template, profile_name)
  File "C:\Users\Admin\music-data-etl\music-data-etl\.venv\Lib\site-packages\dbt\task\init.py", line 165, in create_profile_from_profile_template
    target = self.generate_target_from_input(prompts, initial_target)
             ^^^^^^^^^^^^^^^^^^^^^^^^^^^^^^^^^^^^^^^^^^^^^^^^^^^^^^^^
  File "C:\Users\Admin\music-data-etl\music-data-etl\.venv\Lib\site-packages\dbt\task\init.py", line 131, in generate_target_from_input
    target[key] = click.prompt(
                  ^^^^^^^^^^^^^
  File "C:\Users\Admin\music-data-etl\music-data-etl\.venv\Lib\site-packages\click\termui.py", line 218, in prompt
    value = prompt_func(prompt)
            ^^^^^^^^^^^^^^^^^^^
  File "C:\Users\Admin\music-data-etl\music-data-etl\.venv\Lib\site-packages\click\termui.py", line 201, in prompt_func
    raise Abort() from None
click.exceptions.Abort

[0m15:40:17.029822 [debug] [MainThread]: Command `dbt init` failed at 15:40:17.029822 after 75.88 seconds
[0m15:40:17.029822 [debug] [MainThread]: Sending event: {'category': 'dbt', 'action': 'invocation', 'label': 'end', 'context': [<snowplow_tracker.self_describing_json.SelfDescribingJson object at 0x000001A87495A9F0>, <snowplow_tracker.self_describing_json.SelfDescribingJson object at 0x000001A876A4D2B0>, <snowplow_tracker.self_describing_json.SelfDescribingJson object at 0x000001A874D67A10>]}
[0m15:40:17.031414 [debug] [MainThread]: Flushing usage events
[0m15:40:17.820033 [debug] [MainThread]: An error was encountered while trying to flush usage events
[0m15:40:21.053425 [debug] [MainThread]: Sending event: {'category': 'dbt', 'action': 'invocation', 'label': 'start', 'context': [<snowplow_tracker.self_describing_json.SelfDescribingJson object at 0x000002145BEA3EC0>, <snowplow_tracker.self_describing_json.SelfDescribingJson object at 0x000002145A377500>, <snowplow_tracker.self_describing_json.SelfDescribingJson object at 0x000002145A244BF0>]}


============================== 15:40:21.057148 | 005159f6-a99d-4ad4-ac99-86009306136a ==============================
[0m15:40:21.057148 [info ] [MainThread]: Running with dbt=1.12.0-b3
[0m15:40:21.058154 [debug] [MainThread]: running dbt with arguments {'maximum_seed_size_mib': '1', 'no_print': 'None', 'version_check': 'True', 'target_path': 'None', 'warn_error_options': 'WarnErrorOptionsV2(error=[], warn=[], silence=[])', 'static_parser': 'True', 'printer_width': '80', 'write_json': 'True', 'empty': 'None', 'log_cache_events': 'False', 'introspect': 'True', 'cache_selected_only': 'False', 'fail_fast': 'False', 'debug': 'False', 'log_format': 'default', 'partial_parse': 'True', 'send_anonymous_usage_stats': 'True', 'quiet': 'False', 'warn_error': 'None', 'profiles_dir': 'C:\\Users\\Admin\\.dbt', 'indirect_selection': 'eager', 'use_colors': 'True', 'invocation_command': 'dbt init dbt_project', 'use_experimental_parser': 'False', 'log_path': 'logs'}
[0m15:40:21.073631 [info ] [MainThread]: A project called dbt_project already exists here.
[0m15:40:21.074882 [debug] [MainThread]: Command `dbt init` succeeded at 15:40:21.074882 after 0.14 seconds
[0m15:40:21.074882 [debug] [MainThread]: Sending event: {'category': 'dbt', 'action': 'invocation', 'label': 'end', 'context': [<snowplow_tracker.self_describing_json.SelfDescribingJson object at 0x000002145C0A5BB0>, <snowplow_tracker.self_describing_json.SelfDescribingJson object at 0x000002145A4A7B90>, <snowplow_tracker.self_describing_json.SelfDescribingJson object at 0x000002145A0EB1A0>]}
[0m15:40:21.076444 [debug] [MainThread]: Flushing usage events
[0m15:40:21.814405 [debug] [MainThread]: An error was encountered while trying to flush usage events
[0m15:40:32.989358 [debug] [MainThread]: Sending event: {'category': 'dbt', 'action': 'invocation', 'label': 'start', 'context': [<snowplow_tracker.self_describing_json.SelfDescribingJson object at 0x00000202B8F9B320>, <snowplow_tracker.self_describing_json.SelfDescribingJson object at 0x00000202B6E42C60>, <snowplow_tracker.self_describing_json.SelfDescribingJson object at 0x00000202B6DAEE10>]}


============================== 15:40:32.994140 | c0f1a161-95e0-4700-b42e-4eadf5e6bfa7 ==============================
[0m15:40:32.994140 [info ] [MainThread]: Running with dbt=1.12.0-b3
[0m15:40:32.994140 [debug] [MainThread]: running dbt with arguments {'maximum_seed_size_mib': '1', 'no_print': 'None', 'static_parser': 'True', 'target_path': 'None', 'warn_error_options': 'WarnErrorOptionsV2(error=[], warn=[], silence=[])', 'version_check': 'True', 'printer_width': '80', 'write_json': 'True', 'empty': 'None', 'log_cache_events': 'False', 'introspect': 'True', 'cache_selected_only': 'False', 'log_format': 'default', 'debug': 'False', 'fail_fast': 'False', 'partial_parse': 'True', 'send_anonymous_usage_stats': 'True', 'quiet': 'False', 'warn_error': 'None', 'profiles_dir': 'C:\\Users\\Admin\\.dbt', 'invocation_command': 'dbt init dbt_project', 'indirect_selection': 'eager', 'use_colors': 'True', 'use_experimental_parser': 'False', 'log_path': 'logs'}
[0m15:40:33.013021 [debug] [MainThread]: Starter project path: C:\Users\Admin\music-data-etl\music-data-etl\.venv\Lib\site-packages\dbt\include\starter_project
[0m15:40:33.025883 [info ] [MainThread]: Setting up your profile.
[0m15:40:55.426785 [info ] [MainThread]: Profile dbt_project written to C:\Users\Admin\.dbt\profiles.yml using target's profile_template.yml and your supplied values.
[0m15:40:55.429967 [info ] [MainThread]: Running dbt debug to validate the project...
[0m15:40:55.429967 [info ] [MainThread]: dbt version: 1.12.0-b3
[0m15:40:55.429967 [info ] [MainThread]: python version: 3.12.1
[0m15:40:55.431500 [info ] [MainThread]: python path: C:\Users\Admin\music-data-etl\music-data-etl\.venv\Scripts\python.exe
[0m15:40:55.431500 [info ] [MainThread]: os info: Windows-11-10.0.26200-SP0
[0m15:40:55.471434 [info ] [MainThread]: Using profiles dir at C:\Users\Admin\.dbt
[0m15:40:55.471434 [info ] [MainThread]: Using profiles.yml file at C:\Users\Admin\.dbt\profiles.yml
[0m15:40:55.473027 [info ] [MainThread]: Using dbt_project.yml file at C:\Users\Admin\music-data-etl\music-data-etl\dbt_project\dbt_project.yml
[0m15:40:55.473027 [info ] [MainThread]: adapter type: postgres
[0m15:40:55.474622 [info ] [MainThread]: adapter version: 1.10.2
[0m15:40:55.576782 [info ] [MainThread]: Configuration:
[0m15:40:55.578325 [info ] [MainThread]:   profiles.yml file [[32mOK found and valid[0m]
[0m15:40:55.578325 [info ] [MainThread]:   dbt_project.yml file [[32mOK found and valid[0m]
[0m15:40:55.579331 [info ] [MainThread]: Required dependencies:
[0m15:40:55.579331 [debug] [MainThread]: Executing "git --help"
[0m15:40:55.609149 [debug] [MainThread]: STDOUT: "b"usage: git [-v | --version] [-h | --help] [-C <path>] [-c <name>=<value>]\n           [--exec-path[=<path>]] [--html-path] [--man-path] [--info-path]\n           [-p | --paginate | -P | --no-pager] [--no-replace-objects] [--no-lazy-fetch]\n           [--no-optional-locks] [--no-advice] [--bare] [--git-dir=<path>]\n           [--work-tree=<path>] [--namespace=<name>] [--config-env=<name>=<envvar>]\n           <command> [<args>]\n\nThese are common Git commands used in various situations:\n\nstart a working area (see also: git help tutorial)\n   clone      Clone a repository into a new directory\n   init       Create an empty Git repository or reinitialize an existing one\n\nwork on the current change (see also: git help everyday)\n   add        Add file contents to the index\n   mv         Move or rename a file, a directory, or a symlink\n   restore    Restore working tree files\n   rm         Remove files from the working tree and from the index\n\nexamine the history and state (see also: git help revisions)\n   bisect     Use binary search to find the commit that introduced a bug\n   diff       Show changes between commits, commit and working tree, etc\n   grep       Print lines matching a pattern\n   log        Show commit logs\n   show       Show various types of objects\n   status     Show the working tree status\n\ngrow, mark and tweak your common history\n   backfill   Download missing objects in a partial clone\n   branch     List, create, or delete branches\n   commit     Record changes to the repository\n   merge      Join two or more development histories together\n   rebase     Reapply commits on top of another base tip\n   reset      Reset current HEAD to the specified state\n   switch     Switch branches\n   tag        Create, list, delete or verify a tag object signed with GPG\n\ncollaborate (see also: git help workflows)\n   fetch      Download objects and refs from another repository\n   pull       Fetch from and integrate with another repository or a local branch\n   push       Update remote refs along with associated objects\n\n'git help -a' and 'git help -g' list available subcommands and some\nconcept guides. See 'git help <command>' or 'git help <concept>'\nto read about a specific subcommand or concept.\nSee 'git help git' for an overview of the system.\n""
[0m15:40:55.609149 [debug] [MainThread]: STDERR: "b''"
[0m15:40:55.609149 [info ] [MainThread]:  - git [[32mOK found[0m]

[0m15:40:55.609149 [info ] [MainThread]: Connection:
[0m15:40:55.610728 [info ] [MainThread]:   host: localhost
[0m15:40:55.611441 [info ] [MainThread]:   port: 5432
[0m15:40:55.611955 [info ] [MainThread]:   user: music_user
[0m15:40:55.611955 [info ] [MainThread]:   database: music_dwh
[0m15:40:55.611955 [info ] [MainThread]:   schema: raw
[0m15:40:55.611955 [info ] [MainThread]:   connect_timeout: 10
[0m15:40:55.613495 [info ] [MainThread]:   role: None
[0m15:40:55.613495 [info ] [MainThread]:   search_path: None
[0m15:40:55.613495 [info ] [MainThread]:   keepalives_idle: 0
[0m15:40:55.613495 [info ] [MainThread]:   sslmode: None
[0m15:40:55.615102 [info ] [MainThread]:   sslcert: None
[0m15:40:55.615102 [info ] [MainThread]:   sslkey: None
[0m15:40:55.615102 [info ] [MainThread]:   sslrootcert: None
[0m15:40:55.616708 [info ] [MainThread]:   application_name: dbt
[0m15:40:55.616708 [info ] [MainThread]:   retries: 1
[0m15:40:55.617715 [info ] [MainThread]: Registered adapter: postgres=1.10.2
[0m15:40:55.943364 [debug] [MainThread]: Acquiring new postgres connection 'debug'
[0m15:40:58.554687 [debug] [MainThread]: Using postgres connection "debug"
[0m15:40:58.556260 [debug] [MainThread]: On debug: select 1 as id
[0m15:40:58.556807 [debug] [MainThread]: Opening a new connection, currently in state init
[0m15:40:58.768912 [debug] [MainThread]: SQL status: SELECT 1 in 0.212 seconds
[0m15:40:58.770422 [debug] [MainThread]: On debug: Close
[0m15:40:58.770422 [info ] [MainThread]:   Connection test: [[32mOK connection ok[0m]

[0m15:40:58.771985 [info ] [MainThread]: [32mAll checks passed![0m
[0m15:40:58.772502 [info ] [MainThread]: Your new dbt project "dbt_project" was created!
Initialized new project in C:\Users\Admin\music-data-etl\music-data-etl\dbt_project\dbt_project

For more information on how to configure the profiles.yml file,
please consult the dbt documentation here:

  https://docs.getdbt.com/docs/configure-your-profile

One more thing:

Need help? Don't hesitate to reach out to us via GitHub issues or on Slack:

  https://community.getdbt.com/

Happy modeling!

[0m15:40:58.773507 [debug] [MainThread]: Command `dbt init` succeeded at 15:40:58.773507 after 25.90 seconds
[0m15:40:58.773507 [debug] [MainThread]: Connection 'debug' was properly closed.
[0m15:40:58.773507 [debug] [MainThread]: Sending event: {'category': 'dbt', 'action': 'invocation', 'label': 'end', 'context': [<snowplow_tracker.self_describing_json.SelfDescribingJson object at 0x00000202B93D1F70>, <snowplow_tracker.self_describing_json.SelfDescribingJson object at 0x00000202B7565CD0>, <snowplow_tracker.self_describing_json.SelfDescribingJson object at 0x00000202B7565B80>]}
[0m15:40:58.775090 [debug] [MainThread]: Flushing usage events
[0m15:40:59.537133 [debug] [MainThread]: An error was encountered while trying to flush usage events
